// Vitest Snapshot v1, https://vitest.dev/guide/snapshot.html

exports[`App > Render test > init page 1`] = `
{
  "asFragment": [Function],
  "baseElement": <body>
    <div>
      <div
        class="bg-gray-200 h-screen flex justify-center items-center"
      >
        <div
          class="p-toast p-component p-toast-top-right p-ripple-disabled"
          data-pc-name="toast"
          data-pc-section="root"
          style="position: fixed; top: 20px; right: 20px;"
        >
          <div />
        </div>
        <form
          class="bg-white shadow-xl rounded-xl login-form w-[500px] h-[350px]"
        >
          <div
            class=" my-4 mx-auto w-[400px]"
          >
            <h3
              class="text-3xl  text-violet-600 text-center"
            >
              Employee Polls
            </h3>
            <div
              class="flex flex-col mt-5"
            >
              <label
                class="font-semibold mb-1"
              >
                Username
              </label>
              <input
                class="p-inputtext p-component border-gray-300 border rounded-md h-10 w-full px-2"
                data-pc-name="inputtext"
                data-pc-section="root"
                value=""
              />
            </div>
            <div
              class="flex flex-col mt-8"
            >
              <label
                class="font-semibold mb-1"
              >
                Password
              </label>
              <div
                class="p-password p-component p-inputwrapper"
                data-pc-name="password"
                data-pc-section="root"
              >
                <input
                  autocomplete="off"
                  class="p-inputtext p-component p-password-input"
                  data-pc-name="inputtext"
                  data-pc-section="root"
                  tabindex="1"
                  type="password"
                  value=""
                />
              </div>
            </div>
            <button
              class="w-full btn text-center h-10 flex items-center justify-center cursor-pointer
                              bg-violet-500 hover:bg-violet-600 rounded-md text-white ra mt-5"
              type="submit"
            >
              Login
            </button>
          </div>
        </form>
      </div>
    </div>
  </body>,
  "container": <div>
    <div
      class="bg-gray-200 h-screen flex justify-center items-center"
    >
      <div
        class="p-toast p-component p-toast-top-right p-ripple-disabled"
        data-pc-name="toast"
        data-pc-section="root"
        style="position: fixed; top: 20px; right: 20px;"
      >
        <div />
      </div>
      <form
        class="bg-white shadow-xl rounded-xl login-form w-[500px] h-[350px]"
      >
        <div
          class=" my-4 mx-auto w-[400px]"
        >
          <h3
            class="text-3xl  text-violet-600 text-center"
          >
            Employee Polls
          </h3>
          <div
            class="flex flex-col mt-5"
          >
            <label
              class="font-semibold mb-1"
            >
              Username
            </label>
            <input
              class="p-inputtext p-component border-gray-300 border rounded-md h-10 w-full px-2"
              data-pc-name="inputtext"
              data-pc-section="root"
              value=""
            />
          </div>
          <div
            class="flex flex-col mt-8"
          >
            <label
              class="font-semibold mb-1"
            >
              Password
            </label>
            <div
              class="p-password p-component p-inputwrapper"
              data-pc-name="password"
              data-pc-section="root"
            >
              <input
                autocomplete="off"
                class="p-inputtext p-component p-password-input"
                data-pc-name="inputtext"
                data-pc-section="root"
                tabindex="1"
                type="password"
                value=""
              />
            </div>
          </div>
          <button
            class="w-full btn text-center h-10 flex items-center justify-center cursor-pointer
                              bg-violet-500 hover:bg-violet-600 rounded-md text-white ra mt-5"
            type="submit"
          >
            Login
          </button>
        </div>
      </form>
    </div>
  </div>,
  "debug": [Function],
  "findAllByAltText": [Function],
  "findAllByDisplayValue": [Function],
  "findAllByLabelText": [Function],
  "findAllByPlaceholderText": [Function],
  "findAllByRole": [Function],
  "findAllByTestId": [Function],
  "findAllByText": [Function],
  "findAllByTitle": [Function],
  "findByAltText": [Function],
  "findByDisplayValue": [Function],
  "findByLabelText": [Function],
  "findByPlaceholderText": [Function],
  "findByRole": [Function],
  "findByTestId": [Function],
  "findByText": [Function],
  "findByTitle": [Function],
  "getAllByAltText": [Function],
  "getAllByDisplayValue": [Function],
  "getAllByLabelText": [Function],
  "getAllByPlaceholderText": [Function],
  "getAllByRole": [Function],
  "getAllByTestId": [Function],
  "getAllByText": [Function],
  "getAllByTitle": [Function],
  "getByAltText": [Function],
  "getByDisplayValue": [Function],
  "getByLabelText": [Function],
  "getByPlaceholderText": [Function],
  "getByRole": [Function],
  "getByTestId": [Function],
  "getByText": [Function],
  "getByTitle": [Function],
  "queryAllByAltText": [Function],
  "queryAllByDisplayValue": [Function],
  "queryAllByLabelText": [Function],
  "queryAllByPlaceholderText": [Function],
  "queryAllByRole": [Function],
  "queryAllByTestId": [Function],
  "queryAllByText": [Function],
  "queryAllByTitle": [Function],
  "queryByAltText": [Function],
  "queryByDisplayValue": [Function],
  "queryByLabelText": [Function],
  "queryByPlaceholderText": [Function],
  "queryByRole": [Function],
  "queryByTestId": [Function],
  "queryByText": [Function],
  "queryByTitle": [Function],
  "rerender": [Function],
  "unmount": [Function],
}
`;

exports[`App > Render test > init page render test 1`] = `
{
  "asFragment": [Function],
  "baseElement": <body>
    <div>
      <div
        class="bg-gray-200 h-screen flex justify-center items-center"
      >
        <div
          class="p-toast p-component p-toast-top-right p-ripple-disabled"
          data-pc-name="toast"
          data-pc-section="root"
          style="position: fixed; top: 20px; right: 20px;"
        >
          <div />
        </div>
        <form
          class="bg-white shadow-xl rounded-xl login-form w-[500px] h-[350px]"
        >
          <div
            class=" my-4 mx-auto w-[400px]"
          >
            <h3
              class="text-3xl  text-violet-600 text-center"
            >
              Employee Polls
            </h3>
            <div
              class="flex flex-col mt-5"
            >
              <label
                class="font-semibold mb-1"
              >
                Username
              </label>
              <input
                class="p-inputtext p-component border-gray-300 border rounded-md h-10 w-full px-2"
                data-pc-name="inputtext"
                data-pc-section="root"
                value=""
              />
            </div>
            <div
              class="flex flex-col mt-8"
            >
              <label
                class="font-semibold mb-1"
              >
                Password
              </label>
              <div
                class="p-password p-component p-inputwrapper"
                data-pc-name="password"
                data-pc-section="root"
              >
                <input
                  autocomplete="off"
                  class="p-inputtext p-component p-password-input"
                  data-pc-name="inputtext"
                  data-pc-section="root"
                  tabindex="1"
                  type="password"
                  value=""
                />
              </div>
            </div>
            <button
              class="w-full btn text-center h-10 flex items-center justify-center cursor-pointer
                              bg-violet-500 hover:bg-violet-600 rounded-md text-white ra mt-5"
              type="submit"
            >
              Login
            </button>
          </div>
        </form>
      </div>
    </div>
  </body>,
  "container": <div>
    <div
      class="bg-gray-200 h-screen flex justify-center items-center"
    >
      <div
        class="p-toast p-component p-toast-top-right p-ripple-disabled"
        data-pc-name="toast"
        data-pc-section="root"
        style="position: fixed; top: 20px; right: 20px;"
      >
        <div />
      </div>
      <form
        class="bg-white shadow-xl rounded-xl login-form w-[500px] h-[350px]"
      >
        <div
          class=" my-4 mx-auto w-[400px]"
        >
          <h3
            class="text-3xl  text-violet-600 text-center"
          >
            Employee Polls
          </h3>
          <div
            class="flex flex-col mt-5"
          >
            <label
              class="font-semibold mb-1"
            >
              Username
            </label>
            <input
              class="p-inputtext p-component border-gray-300 border rounded-md h-10 w-full px-2"
              data-pc-name="inputtext"
              data-pc-section="root"
              value=""
            />
          </div>
          <div
            class="flex flex-col mt-8"
          >
            <label
              class="font-semibold mb-1"
            >
              Password
            </label>
            <div
              class="p-password p-component p-inputwrapper"
              data-pc-name="password"
              data-pc-section="root"
            >
              <input
                autocomplete="off"
                class="p-inputtext p-component p-password-input"
                data-pc-name="inputtext"
                data-pc-section="root"
                tabindex="1"
                type="password"
                value=""
              />
            </div>
          </div>
          <button
            class="w-full btn text-center h-10 flex items-center justify-center cursor-pointer
                              bg-violet-500 hover:bg-violet-600 rounded-md text-white ra mt-5"
            type="submit"
          >
            Login
          </button>
        </div>
      </form>
    </div>
  </div>,
  "debug": [Function],
  "findAllByAltText": [Function],
  "findAllByDisplayValue": [Function],
  "findAllByLabelText": [Function],
  "findAllByPlaceholderText": [Function],
  "findAllByRole": [Function],
  "findAllByTestId": [Function],
  "findAllByText": [Function],
  "findAllByTitle": [Function],
  "findByAltText": [Function],
  "findByDisplayValue": [Function],
  "findByLabelText": [Function],
  "findByPlaceholderText": [Function],
  "findByRole": [Function],
  "findByTestId": [Function],
  "findByText": [Function],
  "findByTitle": [Function],
  "getAllByAltText": [Function],
  "getAllByDisplayValue": [Function],
  "getAllByLabelText": [Function],
  "getAllByPlaceholderText": [Function],
  "getAllByRole": [Function],
  "getAllByTestId": [Function],
  "getAllByText": [Function],
  "getAllByTitle": [Function],
  "getByAltText": [Function],
  "getByDisplayValue": [Function],
  "getByLabelText": [Function],
  "getByPlaceholderText": [Function],
  "getByRole": [Function],
  "getByTestId": [Function],
  "getByText": [Function],
  "getByTitle": [Function],
  "queryAllByAltText": [Function],
  "queryAllByDisplayValue": [Function],
  "queryAllByLabelText": [Function],
  "queryAllByPlaceholderText": [Function],
  "queryAllByRole": [Function],
  "queryAllByTestId": [Function],
  "queryAllByText": [Function],
  "queryAllByTitle": [Function],
  "queryByAltText": [Function],
  "queryByDisplayValue": [Function],
  "queryByLabelText": [Function],
  "queryByPlaceholderText": [Function],
  "queryByRole": [Function],
  "queryByTestId": [Function],
  "queryByText": [Function],
  "queryByTitle": [Function],
  "rerender": [Function],
  "unmount": [Function],
}
`;
